// Vitest Snapshot v1, https://vitest.dev/guide/snapshot.html

exports[`Converts date format from string 1`] = `"02/01/2000"`;
